json = {};
json.name = "John";
json.age = 30;
json.city = "New York";
